Archive member included because of file (symbol)

c:/freescale/kds_v3/toolchain/bin/../lib/gcc/arm-none-eabi/4.8.4/armv6-m\libgcc.a(_udivsi3.o)
                              ./MQXLITE/psp/cortex_m/psp_tinm.o (__aeabi_uidiv)
c:/freescale/kds_v3/toolchain/bin/../lib/gcc/arm-none-eabi/4.8.4/armv6-m\libgcc.a(_dvmd_tls.o)
                              c:/freescale/kds_v3/toolchain/bin/../lib/gcc/arm-none-eabi/4.8.4/armv6-m\libgcc.a(_udivsi3.o) (__aeabi_idiv0)
c:/freescale/kds_v3/toolchain/bin/../lib/gcc/arm-none-eabi/4.8.4/../../../../arm-none-eabi/lib/armv6-m\libg_s.a(lib_a-exit.o)
                              c:/freescale/kds_v3/toolchain/bin/../lib/gcc/arm-none-eabi/4.8.4/../../../../arm-none-eabi/lib/armv6-m/crt0.o (exit)
c:/freescale/kds_v3/toolchain/bin/../lib/gcc/arm-none-eabi/4.8.4/../../../../arm-none-eabi/lib/armv6-m\libg_s.a(lib_a-impure.o)
                              c:/freescale/kds_v3/toolchain/bin/../lib/gcc/arm-none-eabi/4.8.4/../../../../arm-none-eabi/lib/armv6-m\libg_s.a(lib_a-exit.o) (_global_impure_ptr)
c:/freescale/kds_v3/toolchain/bin/../lib/gcc/arm-none-eabi/4.8.4/../../../../arm-none-eabi/lib/armv6-m\libg_s.a(lib_a-init.o)
                              c:/freescale/kds_v3/toolchain/bin/../lib/gcc/arm-none-eabi/4.8.4/../../../../arm-none-eabi/lib/armv6-m/crt0.o (__libc_init_array)
c:/freescale/kds_v3/toolchain/bin/../lib/gcc/arm-none-eabi/4.8.4/../../../../arm-none-eabi/lib/armv6-m\libg_s.a(lib_a-memcpy-stub.o)
                              ./Static_Code/System/CPU_Init.o (memcpy)
c:/freescale/kds_v3/toolchain/bin/../lib/gcc/arm-none-eabi/4.8.4/../../../../arm-none-eabi/lib/armv6-m\libg_s.a(lib_a-memset.o)
                              c:/freescale/kds_v3/toolchain/bin/../lib/gcc/arm-none-eabi/4.8.4/../../../../arm-none-eabi/lib/armv6-m/crt0.o (memset)
c:/freescale/kds_v3/toolchain/bin/../lib/gcc/arm-none-eabi/4.8.4/../../../../arm-none-eabi/lib/armv6-m\libg_s.a(lib_a-printf.o)
                              ./MQXLITE/psp/cortex_m/psp_tipr.o (printf)
c:/freescale/kds_v3/toolchain/bin/../lib/gcc/arm-none-eabi/4.8.4/../../../../arm-none-eabi/lib/armv6-m\libg_s.a(lib_a-strncmp.o)
                              ./MQXLITE/kernel/task.o (strncmp)
c:/freescale/kds_v3/toolchain/bin/../lib/gcc/arm-none-eabi/4.8.4/../../../../arm-none-eabi/lib/armv6-m\libg_s.a(lib_a-vfprintf.o)
                              c:/freescale/kds_v3/toolchain/bin/../lib/gcc/arm-none-eabi/4.8.4/../../../../arm-none-eabi/lib/armv6-m\libg_s.a(lib_a-printf.o) (_vfprintf_r)
c:/freescale/kds_v3/toolchain/bin/../lib/gcc/arm-none-eabi/4.8.4/../../../../arm-none-eabi/lib/armv6-m\libg_s.a(lib_a-vfprintf_i.o)
                              c:/freescale/kds_v3/toolchain/bin/../lib/gcc/arm-none-eabi/4.8.4/../../../../arm-none-eabi/lib/armv6-m\libg_s.a(lib_a-vfprintf.o) (_printf_i)
c:/freescale/kds_v3/toolchain/bin/../lib/gcc/arm-none-eabi/4.8.4/../../../../arm-none-eabi/lib/armv6-m\libg_s.a(lib_a-wbuf.o)
                              c:/freescale/kds_v3/toolchain/bin/../lib/gcc/arm-none-eabi/4.8.4/../../../../arm-none-eabi/lib/armv6-m\libg_s.a(lib_a-vfprintf.o) (__swbuf_r)
c:/freescale/kds_v3/toolchain/bin/../lib/gcc/arm-none-eabi/4.8.4/../../../../arm-none-eabi/lib/armv6-m\libg_s.a(lib_a-wsetup.o)
                              c:/freescale/kds_v3/toolchain/bin/../lib/gcc/arm-none-eabi/4.8.4/../../../../arm-none-eabi/lib/armv6-m\libg_s.a(lib_a-vfprintf.o) (__swsetup_r)
c:/freescale/kds_v3/toolchain/bin/../lib/gcc/arm-none-eabi/4.8.4/../../../../arm-none-eabi/lib/armv6-m\libg_s.a(lib_a-fflush.o)
                              c:/freescale/kds_v3/toolchain/bin/../lib/gcc/arm-none-eabi/4.8.4/../../../../arm-none-eabi/lib/armv6-m\libg_s.a(lib_a-wbuf.o) (_fflush_r)
c:/freescale/kds_v3/toolchain/bin/../lib/gcc/arm-none-eabi/4.8.4/../../../../arm-none-eabi/lib/armv6-m\libg_s.a(lib_a-findfp.o)
                              c:/freescale/kds_v3/toolchain/bin/../lib/gcc/arm-none-eabi/4.8.4/../../../../arm-none-eabi/lib/armv6-m\libg_s.a(lib_a-printf.o) (__sinit)
c:/freescale/kds_v3/toolchain/bin/../lib/gcc/arm-none-eabi/4.8.4/../../../../arm-none-eabi/lib/armv6-m\libg_s.a(lib_a-fvwrite.o)
                              c:/freescale/kds_v3/toolchain/bin/../lib/gcc/arm-none-eabi/4.8.4/../../../../arm-none-eabi/lib/armv6-m\libg_s.a(lib_a-vfprintf.o) (__sfvwrite_r)
c:/freescale/kds_v3/toolchain/bin/../lib/gcc/arm-none-eabi/4.8.4/../../../../arm-none-eabi/lib/armv6-m\libg_s.a(lib_a-fwalk.o)
                              c:/freescale/kds_v3/toolchain/bin/../lib/gcc/arm-none-eabi/4.8.4/../../../../arm-none-eabi/lib/armv6-m\libg_s.a(lib_a-findfp.o) (_fwalk)
c:/freescale/kds_v3/toolchain/bin/../lib/gcc/arm-none-eabi/4.8.4/../../../../arm-none-eabi/lib/armv6-m\libg_s.a(lib_a-makebuf.o)
                              c:/freescale/kds_v3/toolchain/bin/../lib/gcc/arm-none-eabi/4.8.4/../../../../arm-none-eabi/lib/armv6-m\libg_s.a(lib_a-wsetup.o) (__smakebuf_r)
[...]
Memory Configuration

Name             Origin             Length             Attributes
m_interrupts     0x00000000         0x000000c0         xr
m_text           0x00000410         0x0001fbf0         xr
m_data           0x1ffff000         0x00004000         rw
m_cfmprotrom     0x00000400         0x00000010         xr
*default*        0x00000000         0xffffffff

Linker script and memory map

LOAD c:/freescale/kds_v3/toolchain/bin/../lib/gcc/arm-none-eabi/4.8.4/armv6-m/crti.o
LOAD c:/freescale/kds_v3/toolchain/bin/../lib/gcc/arm-none-eabi/4.8.4/armv6-m/crtbegin.o
LOAD c:/freescale/kds_v3/toolchain/bin/../lib/gcc/arm-none-eabi/4.8.4/../../../../arm-none-eabi/lib/armv6-m/crt0.o
LOAD ./Static_Code/System/CPU_Init.o
LOAD ./Static_Code/System/Peripherals_Init.o
LOAD ./Static_Code/System/Vectors.o
LOAD ./Sources/Events.o
LOAD ./Sources/MMA8451Q.o
LOAD ./Sources/main.o
LOAD ./Sources/mqx_tasks.o
LOAD ./Project_Settings/Startup_Code/startup.o
LOAD ./MQXLITE/psp/cortex_m/core/M0/boot.o
LOAD ./MQXLITE/psp/cortex_m/core/M0/dispatch.o
LOAD ./MQXLITE/psp/cortex_m/cortex.o
LOAD ./MQXLITE/psp/cortex_m/int_gkis.o
LOAD ./MQXLITE/psp/cortex_m/int_inst.o
LOAD ./MQXLITE/psp/cortex_m/int_kisr.o
LOAD ./MQXLITE/psp/cortex_m/int_pvta.o
LOAD ./MQXLITE/psp/cortex_m/int_unx.o
LOAD ./MQXLITE/psp/cortex_m/int_vtab.o
LOAD ./MQXLITE/psp/cortex_m/int_xcpt.o
LOAD ./MQXLITE/psp/cortex_m/mem_zero.o
LOAD ./MQXLITE/psp/cortex_m/psp_iinit.o
LOAD ./MQXLITE/psp/cortex_m/psp_supp.o
LOAD ./MQXLITE/psp/cortex_m/psp_tiad.o
LOAD ./MQXLITE/psp/cortex_m/psp_tinm.o
LOAD ./MQXLITE/psp/cortex_m/psp_tipr.o
LOAD ./MQXLITE/psp/cortex_m/psp_tisu.o
LOAD ./MQXLITE/psp/cortex_m/sc_irdyq.o
LOAD ./MQXLITE/psp/cortex_m/stack_bu.o
LOAD ./MQXLITE/psp/cortex_m/stack_de.o
LOAD ./MQXLITE/psp/cortex_m/stack_st.o
LOAD ./MQXLITE/kernel/idletask.o
LOAD ./MQXLITE/kernel/int.o
LOAD ./MQXLITE/kernel/klog.o
LOAD ./MQXLITE/kernel/lwevent.o
LOAD ./MQXLITE/kernel/lwlog.o
LOAD ./MQXLITE/kernel/lwmem.o
LOAD ./MQXLITE/kernel/lwmsgq.o
LOAD ./MQXLITE/kernel/lwsem.o
LOAD ./MQXLITE/kernel/lwtimer.o
LOAD ./MQXLITE/kernel/mqx_utils.o
LOAD ./MQXLITE/kernel/mqxlite.o
LOAD ./MQXLITE/kernel/mutex.o
LOAD ./MQXLITE/kernel/qu_test.o
LOAD ./MQXLITE/kernel/sched.o
LOAD ./MQXLITE/kernel/task.o
LOAD ./MQXLITE/kernel/time_ticks.o
LOAD ./MQXLITE/config/task_template_list.o
LOAD ./Generated_Code/Cpu.o
LOAD ./Generated_Code/MMA8451Q_I2C.o
LOAD ./Generated_Code/MQX1.o
LOAD ./Generated_Code/PE_LDD.o
LOAD ./Generated_Code/Pins1.o
LOAD ./Generated_Code/SystemTimer1.o
LOAD c:/freescale/kds_v3/toolchain/bin/../lib/gcc/arm-none-eabi/4.8.4/../../../../arm-none-eabi/lib/armv6-m\libstdc++_s.a
LOAD c:/freescale/kds_v3/toolchain/bin/../lib/gcc/arm-none-eabi/4.8.4/../../../../arm-none-eabi/lib/armv6-m\libm.a
START GROUP
LOAD c:/freescale/kds_v3/toolchain/bin/../lib/gcc/arm-none-eabi/4.8.4/armv6-m\libgcc.a
LOAD c:/freescale/kds_v3/toolchain/bin/../lib/gcc/arm-none-eabi/4.8.4/../../../../arm-none-eabi/lib/armv6-m\libg_s.a
LOAD c:/freescale/kds_v3/toolchain/bin/../lib/gcc/arm-none-eabi/4.8.4/../../../../arm-none-eabi/lib/armv6-m\libc_s.a
END GROUP
START GROUP
LOAD c:/freescale/kds_v3/toolchain/bin/../lib/gcc/arm-none-eabi/4.8.4/armv6-m\libgcc.a
LOAD c:/freescale/kds_v3/toolchain/bin/../lib/gcc/arm-none-eabi/4.8.4/../../../../arm-none-eabi/lib/armv6-m\libc_s.a
LOAD c:/freescale/kds_v3/toolchain/bin/../lib/gcc/arm-none-eabi/4.8.4/../../../../arm-none-eabi/lib/armv6-m\libnosys.a
END GROUP
START GROUP
LOAD c:/freescale/kds_v3/toolchain/bin/../lib/gcc/arm-none-eabi/4.8.4/armv6-m\libgcc.a
LOAD c:/freescale/kds_v3/toolchain/bin/../lib/gcc/arm-none-eabi/4.8.4/../../../../arm-none-eabi/lib/armv6-m\libc_s.a
LOAD c:/freescale/kds_v3/toolchain/bin/../lib/gcc/arm-none-eabi/4.8.4/../../../../arm-none-eabi/lib/armv6-m\libnosys.a
END GROUP
LOAD c:/freescale/kds_v3/toolchain/bin/../lib/gcc/arm-none-eabi/4.8.4/armv6-m/crtend.o
LOAD c:/freescale/kds_v3/toolchain/bin/../lib/gcc/arm-none-eabi/4.8.4/armv6-m/crtn.o
                0x20003000                _estack = 0x20003000
                0x20003000                __SP_INIT = _estack
                0x20003000                __stack = _estack
                0x00000000                __heap_size = 0x0
                0x00000400                __stack_size = 0x400

.interrupts     0x00000000       0xc0
                0x00000000                __vector_table = .
                0x00000000                . = ALIGN (0x4)
 *(.vectortable)
 .vectortable   0x00000000       0xc0 ./Static_Code/System/Vectors.o
                0x00000000                __vect_table
                0x000000c0                . = ALIGN (0x4)

.cfmprotect     0x00000400       0x10
                0x00000400                . = ALIGN (0x4)
 *(.cfmconfig)
 .cfmconfig     0x00000400       0x10 ./Static_Code/System/CPU_Init.o
                0x00000400                _cfm
                0x00000410                . = ALIGN (0x4)

.text           0x00000410     0x327c
                0x00000410                . = ALIGN (0x4)
 *(.text)
 .text          0x00000410       0x60 c:/freescale/kds_v3/toolchain/bin/../lib/gcc/arm-none-eabi/4.8.4/armv6-m/crtbegin.o
 .text          0x00000470       0x78 c:/freescale/kds_v3/toolchain/bin/../lib/gcc/arm-none-eabi/4.8.4/../../../../arm-none-eabi/lib/armv6-m/crt0.o
                0x00000470                _start
                0x00000470                _mainCRTStartup
 .text          0x000004e8       0x34 ./MQXLITE/psp/cortex_m/core/M0/boot.o
                0x000004e8                __boot
 .text          0x0000051c       0x9c c:/freescale/kds_v3/toolchain/bin/../lib/gcc/arm-none-eabi/4.8.4/armv6-m\libgcc.a(_udivsi3.o)
                0x0000051c                __aeabi_uidiv
                0x0000051c                __udivsi3
                0x000005a4                __aeabi_uidivmod
 .text          0x000005b8        0x4 c:/freescale/kds_v3/toolchain/bin/../lib/gcc/arm-none-eabi/4.8.4/armv6-m\libgcc.a(_dvmd_tls.o)
                0x000005b8                __aeabi_idiv0
                0x000005b8                __aeabi_ldiv0
 *(.text*)
 .text.__init_hardware
                0x000005bc       0x4c ./Static_Code/System/CPU_Init.o
                0x000005bc                __init_hardware
 .text.PE_low_level_init
                0x00000608       0x58 ./Static_Code/System/CPU_Init.o
                0x00000608                PE_low_level_init
 .text.CPU_GetClockGenMode
                0x00000660       0x6c ./Static_Code/System/CPU_Init.o
                0x00000660                CPU_GetClockGenMode
 .text.CPU_SetClockConfigGenMode
                0x000006cc      0x280 ./Static_Code/System/CPU_Init.o
                0x000006cc                CPU_SetClockConfigGenMode
 .text.UnhandledInterrupt
                0x0000094c        0xc ./Static_Code/System/Vectors.o
                0x0000094c                UnhandledInterrupt
 .text.Cpu_OnNMI
                0x00000958        0x8 ./Sources/Events.o
                0x00000958                Cpu_OnNMI
 .text.MMA8451Q_I2C_OnMasterBlockSent
                0x00000960       0x18 ./Sources/Events.o
                0x00000960                MMA8451Q_I2C_OnMasterBlockSent
 .text.MMA8451Q_I2C_OnMasterBlockReceived
                0x00000978       0x18 ./Sources/Events.o
                0x00000978                MMA8451Q_I2C_OnMasterBlockReceived
 .text.MMA8451Q_main
                0x00000990       0xd8 ./Sources/MMA8451Q.o
                0x00000990                MMA8451Q_main
 .text.MMA8451Q_DataRead
                0x00000a68      0x130 ./Sources/MMA8451Q.o
                0x00000a68                MMA8451Q_DataRead
 .text.MMA8451Q_Init
                0x00000b98       0x8c ./Sources/MMA8451Q.o
                0x00000b98                MMA8451Q_Init
 .text.MMA8451Q_configSetting
                0x00000c24      0x134 ./Sources/MMA8451Q.o
                0x00000c24                MMA8451Q_configSetting
 .text.MMA8451Q_Read
                0x00000d58       0x88 ./Sources/MMA8451Q.o
                0x00000d58                MMA8451Q_Read
 .text.MMA8451Q_Write
                0x00000de0       0x54 ./Sources/MMA8451Q.o
                0x00000de0                MMA8451Q_Write
 .text.main     0x00000e34       0x10 ./Sources/main.o
                0x00000e34                main
 .text.Task1_task
                0x00000e44       0x10 ./Sources/mqx_tasks.o
                0x00000e44                Task1_task
 .text.MMA8451QAc_Task
                0x00000e54       0x14 ./Sources/mqx_tasks.o
                0x00000e54                MMA8451QAc_Task
 .text.__copy_rom_section
                0x00000e68       0xd8 ./Project_Settings/Startup_Code/startup.o
                0x00000e68                __copy_rom_section
 .text.__copy_rom_sections_to_ram
                0x00000f40       0x98 ./Project_Settings/Startup_Code/startup.o
                0x00000f40                __copy_rom_sections_to_ram
 .text.__init_registers
                0x00000fd8        0x8 ./Project_Settings/Startup_Code/startup.o
                0x00000fd8                __init_registers
 .text.__init_user
                0x00000fe0        0x8 ./Project_Settings/Startup_Code/startup.o
                0x00000fe0                __init_user
 .text.__thumb_startup
                0x00000fe8       0x30 ./Project_Settings/Startup_Code/startup.o
                0x00000fe8                __thumb_startup
 .text._psp_int_install
                0x00001018       0x20 ./MQXLITE/psp/cortex_m/int_inst.o
                0x00001018                _psp_int_install
 .text._int_set_vector_table
                0x00001038       0x2c ./MQXLITE/psp/cortex_m/int_vtab.o
                0x00001038                _int_set_vector_table
 .text._mem_zero
                0x00001064      0x188 ./MQXLITE/psp/cortex_m/mem_zero.o
                0x00001064                _mem_zero
 .text._psp_int_init
                0x000011ec       0x30 ./MQXLITE/psp/cortex_m/psp_iinit.o
                0x000011ec                _psp_int_init
 .text._psp_normalize_ticks
                0x0000121c       0x6c ./MQXLITE/psp/cortex_m/psp_tinm.o
                0x0000121c                _psp_normalize_ticks
 .text._psp_set_kernel_disable_level
                0x00001288       0xa4 ./MQXLITE/psp/cortex_m/sc_irdyq.o
                0x00001288                _psp_set_kernel_disable_level
 .text._psp_init_readyqs
                0x0000132c       0xac ./MQXLITE/psp/cortex_m/sc_irdyq.o
                0x0000132c                _psp_init_readyqs
 .text._psp_build_stack_frame
                0x000013d8       0x80 ./MQXLITE/psp/cortex_m/stack_bu.o
                0x000013d8                _psp_build_stack_frame
 .text._psp_destroy_stack_frame
                0x00001458       0x10 ./MQXLITE/psp/cortex_m/stack_de.o
                0x00001458                _psp_destroy_stack_frame
 .text._mqx_idle_task
                0x00001468       0x14 ./MQXLITE/kernel/idletask.o
                0x00001468                _mqx_idle_task
 .text._int_default_isr
                0x0000147c       0x5c ./MQXLITE/kernel/int.o
                0x0000147c                _int_default_isr
 .text._int_disable
                0x000014d8       0x2c ./MQXLITE/kernel/int.o
                0x000014d8                _int_disable
 .text._int_enable
                0x00001504       0x40 ./MQXLITE/kernel/int.o
                0x00001504                _int_enable
 .text._int_get_isr_data
                0x00001544       0x68 ./MQXLITE/kernel/int.o
                0x00001544                _int_get_isr_data
 .text._int_install_isr
                0x000015ac       0x84 ./MQXLITE/kernel/int.o
                0x000015ac                _int_install_isr
 .text._int_init
                0x00001630       0x88 ./MQXLITE/kernel/int.o
                0x00001630                _int_init
 .text._lwsem_create_internal
                0x000016b8       0xc8 ./MQXLITE/kernel/lwsem.o
                0x000016b8                _lwsem_create_internal
 .text._lwsem_create
                0x00001780       0x24 ./MQXLITE/kernel/lwsem.o
                0x00001780                _lwsem_create
 .text._lwsem_post
                0x000017a4      0x154 ./MQXLITE/kernel/lwsem.o
                0x000017a4                _lwsem_post
 .text._lwsem_wait
                0x000018f8      0x114 ./MQXLITE/kernel/lwsem.o
                0x000018f8                _lwsem_wait
 .text._mqx_set_cpu_type
                0x00001a0c       0x20 ./MQXLITE/kernel/mqx_utils.o
                0x00001a0c                _mqx_set_cpu_type
 .text._mqx_init_kernel_data_internal
                0x00001a2c      0x19c ./MQXLITE/kernel/mqx_utils.o
                0x00001a2c                _mqx_init_kernel_data_internal
 .text._mqxlite_init
                0x00001bc8      0x118 ./MQXLITE/kernel/mqxlite.o
                0x00001bc8                _mqxlite_init
 .text._mqxlite
                0x00001ce0       0xcc ./MQXLITE/kernel/mqxlite.o
                0x00001ce0                _mqxlite
 .text._mqx_exit
                0x00001dac       0x18 ./MQXLITE/kernel/mqxlite.o
                0x00001dac                _mqx_exit
 .text._task_destroy_internal
                0x00001dc4      0x288 ./MQXLITE/kernel/task.o
                0x00001dc4                _task_destroy_internal
 .text._task_destroy
                0x0000204c       0x1c ./MQXLITE/kernel/task.o
                0x0000204c                _task_destroy
 .text._task_get_td
                0x00002068       0xb0 ./MQXLITE/kernel/task.o
                0x00002068                _task_get_td
 .text._task_set_error
                0x00002118       0x48 ./MQXLITE/kernel/task.o
                0x00002118                _task_set_error
 .text._task_exit_function_internal
                0x00002160       0x24 ./MQXLITE/kernel/task.o
                0x00002160                _task_exit_function_internal
 .text._task_init_internal
                0x00002184      0x1a8 ./MQXLITE/kernel/task.o
                0x00002184                _task_init_internal
 .text._task_fill_stack_internal
                0x0000232c       0x34 ./MQXLITE/kernel/task.o
                0x0000232c                _task_fill_stack_internal
 .text._task_ready_internal
                0x00002360       0x44 ./MQXLITE/kernel/task.o
                0x00002360                _task_ready_internal
 .text._task_alloc_td_internal
                0x000023a4      0x130 ./MQXLITE/kernel/task.o
                0x000023a4                _task_alloc_td_internal
 .text._task_set_error_td_internal
                0x000024d4       0x2c ./MQXLITE/kernel/task.o
                0x000024d4                _task_set_error_td_internal
 .text._time_delay_internal
                0x00002500       0xf8 ./MQXLITE/kernel/time_ticks.o
                0x00002500                _time_delay_internal
 .text._time_delay_ticks
                0x000025f8       0x74 ./MQXLITE/kernel/time_ticks.o
                0x000025f8                _time_delay_ticks
 .text._time_notify_kernel
                0x0000266c      0x1b0 ./MQXLITE/kernel/time_ticks.o
                0x0000266c                _time_notify_kernel
 .text._time_set_hwtick_function
                0x0000281c       0x28 ./MQXLITE/kernel/time_ticks.o
                0x0000281c                _time_set_hwtick_function
 .text._time_set_hwticks_per_tick
                0x00002844       0x20 ./MQXLITE/kernel/time_ticks.o
                0x00002844                _time_set_hwticks_per_tick
 .text.Components_Init
                0x00002864        0x8 ./Generated_Code/Cpu.o
                0x00002864                Components_Init
 .text.Cpu_INT_NMIInterrupt
                0x0000286c        0xc ./Generated_Code/Cpu.o
                0x0000286c                Cpu_INT_NMIInterrupt
 .text.MMA8451Q_I2C_Interrupt
                0x00002878      0x204 ./Generated_Code/MMA8451Q_I2C.o
                0x00002878                MMA8451Q_I2C_Interrupt
 .text.MMA8451Q_I2C_Init
                0x00002a7c       0xec ./Generated_Code/MMA8451Q_I2C.o
                0x00002a7c                MMA8451Q_I2C_Init
 .text.MMA8451Q_I2C_Enable
                0x00002b68       0x3c ./Generated_Code/MMA8451Q_I2C.o
                0x00002b68                MMA8451Q_I2C_Enable
 .text.MMA8451Q_I2C_MasterSendBlock
                0x00002ba4      0x100 ./Generated_Code/MMA8451Q_I2C.o
                0x00002ba4                MMA8451Q_I2C_MasterSendBlock
 .text.MMA8451Q_I2C_MasterReceiveBlock
                0x00002ca4      0x10c ./Generated_Code/MMA8451Q_I2C.o
                0x00002ca4                MMA8451Q_I2C_MasterReceiveBlock
 .text.HWEnDi   0x00002db0       0x7c ./Generated_Code/MMA8451Q_I2C.o
 .text.SystemTimer1_OnCounterRestart
                0x00002e2c       0x14 ./Generated_Code/MQX1.o
                0x00002e2c                SystemTimer1_OnCounterRestart
 .text.SystemTimer1_GetTicsPerSecond
                0x00002e40       0x34 ./Generated_Code/MQX1.o
                0x00002e40                SystemTimer1_GetTicsPerSecond
 .text.system_timer_init
                0x00002e74       0x6c ./Generated_Code/MQX1.o
                0x00002e74                system_timer_init
 .text.system_timer_start
                0x00002ee0       0x20 ./Generated_Code/MQX1.o
                0x00002ee0                system_timer_start
 .text.SystemTimer1_Init
                0x00002f00       0x8c ./Generated_Code/SystemTimer1.o
                0x00002f00                SystemTimer1_Init
 .text.SystemTimer1_Enable
                0x00002f8c       0x24 ./Generated_Code/SystemTimer1.o
                0x00002f8c                SystemTimer1_Enable
 .text.SystemTimer1_GetInputFrequency
                0x00002fb0       0x18 ./Generated_Code/SystemTimer1.o
                0x00002fb0                SystemTimer1_GetInputFrequency
 .text.SystemTimer1_GetPeriodTicks
                0x00002fc8       0x38 ./Generated_Code/SystemTimer1.o
                0x00002fc8                SystemTimer1_GetPeriodTicks
 .text.SystemTimer1_GetCounterValue
                0x00003000       0x18 ./Generated_Code/SystemTimer1.o
                0x00003000                SystemTimer1_GetCounterValue
 .text.SystemTimer1_Interrupt
                0x00003018       0x30 ./Generated_Code/SystemTimer1.o
                0x00003018                SystemTimer1_Interrupt
 .text.exit     0x00003048       0x2c c:/freescale/kds_v3/toolchain/bin/../lib/gcc/arm-none-eabi/4.8.4/../../../../arm-none-eabi/lib/armv6-m\libg_s.a(lib_a-exit.o)
                0x00003048                exit
 .text.__libc_init_array
                0x00003074       0x4c c:/freescale/kds_v3/toolchain/bin/../lib/gcc/arm-none-eabi/4.8.4/../../../../arm-none-eabi/lib/armv6-m\libg_s.a(lib_a-init.o)
                0x00003074                __libc_init_array
 .text.memcpy   0x000030c0       0x12 c:/freescale/kds_v3/toolchain/bin/../lib/gcc/arm-none-eabi/4.8.4/../../../../arm-none-eabi/lib/armv6-m\libg_s.a(lib_a-memcpy-stub.o)
                0x000030c0                memcpy
 .text.memset   0x000030d2       0x10 c:/freescale/kds_v3/toolchain/bin/../lib/gcc/arm-none-eabi/4.8.4/../../../../arm-none-eabi/lib/armv6-m\libg_s.a(lib_a-memset.o)
                0x000030d2                memset
 *fill*         0x000030e2        0x2 
 .text._exit    0x000030e4        0x4 c:/freescale/kds_v3/toolchain/bin/../lib/gcc/arm-none-eabi/4.8.4/../../../../arm-none-eabi/lib/armv6-m\libnosys.a(_exit.o)
                0x000030e4                _exit
 *(.rodata)
 .rodata        0x000030e8       0x10 ./MQXLITE/kernel/mqx_utils.o
 .rodata        0x000030f8       0xd8 ./MQXLITE/kernel/mqxlite.o
 .rodata        0x000031d0       0x18 ./MQXLITE/config/task_template_list.o
 *(.rodata*)
 .rodata.ClockGenModeMatrix
                0x000031e8       0x48 ./Static_Code/System/CPU_Init.o
 .rodata.CPU_ClockConfigDescriptors
                0x00003230       0x10 ./Static_Code/System/CPU_Init.o
 .rodata.CPU_DefaultFEI
                0x00003240        0x8 ./Static_Code/System/CPU_Init.o
 .rodata.CPU_DefaultFBI
                0x00003248        0x8 ./Static_Code/System/CPU_Init.o
 .rodata.CPU_DefaultFBILP
                0x00003250        0x8 ./Static_Code/System/CPU_Init.o
 .rodata.CPU_DefaultFEE
                0x00003258        0x8 ./Static_Code/System/CPU_Init.o
 .rodata.CPU_DefaultFBE
                0x00003260        0x8 ./Static_Code/System/CPU_Init.o
 .rodata.CPU_DefaultFBELP
                0x00003268        0x8 ./Static_Code/System/CPU_Init.o
 .rodata.CPU_ClockGenModeRegs
                0x00003270       0x18 ./Static_Code/System/CPU_Init.o
 .rodata.CPU_SetClockConfigGenMode
                0x00003288       0x30 ./Static_Code/System/CPU_Init.o
 .rodata.MMA8451Q_configSetting
                0x000032b8       0x14 ./Sources/MMA8451Q.o
 .rodata._mem_zero
                0x000032cc       0x40 ./MQXLITE/psp/cortex_m/mem_zero.o
 .rodata._mqx_version_number
                0x0000330c        0x4 ./MQXLITE/kernel/mqxlite.o
                0x0000330c                _mqx_version_number
 .rodata._mqx_vendor
                0x00003310        0x4 ./MQXLITE/kernel/mqxlite.o
                0x00003310                _mqx_vendor
 .rodata._mqx_path
                0x00003314        0x4 ./MQXLITE/kernel/mqxlite.o
                0x00003314                _mqx_path
 .rodata._mqxlite_version_number
                0x00003318        0x4 ./MQXLITE/kernel/mqxlite.o
                0x00003318                _mqxlite_version_number
 .rodata.MQX_template_list
                0x0000331c       0x54 ./MQXLITE/config/task_template_list.o
                0x0000331c                MQX_template_list
 .rodata.MQX_init_struct
                0x00003370       0x24 ./Generated_Code/MQX1.o
                0x00003370                MQX_init_struct
 .rodata.str1.1
                0x00003394        0x2 c:/freescale/kds_v3/toolchain/bin/../lib/gcc/arm-none-eabi/4.8.4/../../../../arm-none-eabi/lib/armv6-m\libg_s.a(lib_a-impure.o)
 *fill*         0x00003396        0x2 
 .rodata._global_impure_ptr
                0x00003398        0x4 c:/freescale/kds_v3/toolchain/bin/../lib/gcc/arm-none-eabi/4.8.4/../../../../arm-none-eabi/lib/armv6-m\libg_s.a(lib_a-impure.o)
                0x00003398                _global_impure_ptr
 .rodata.__sf_fake_stdin
                0x0000339c       0x20 c:/freescale/kds_v3/toolchain/bin/../lib/gcc/arm-none-eabi/4.8.4/../../../../arm-none-eabi/lib/armv6-m\libg_s.a(lib_a-findfp.o)
                0x0000339c                __sf_fake_stdin
 .rodata.__sf_fake_stdout
                0x000033bc       0x20 c:/freescale/kds_v3/toolchain/bin/../lib/gcc/arm-none-eabi/4.8.4/../../../../arm-none-eabi/lib/armv6-m\libg_s.a(lib_a-findfp.o)
                0x000033bc                __sf_fake_stdout
 .rodata.__sf_fake_stderr
                0x000033dc       0x20 c:/freescale/kds_v3/toolchain/bin/../lib/gcc/arm-none-eabi/4.8.4/../../../../arm-none-eabi/lib/armv6-m\libg_s.a(lib_a-findfp.o)
                0x000033dc                __sf_fake_stderr
 *(.glue_7)
 .glue_7        0x00000000        0x0 linker stubs
 *(.glue_7t)
 .glue_7t       0x00000000        0x0 linker stubs
 *(.eh_frame)
 .eh_frame      0x000033fc        0x0 c:/freescale/kds_v3/toolchain/bin/../lib/gcc/arm-none-eabi/4.8.4/armv6-m/crtbegin.o
 *(.init)
 .init          0x000033fc        0x4 c:/freescale/kds_v3/toolchain/bin/../lib/gcc/arm-none-eabi/4.8.4/armv6-m/crti.o
                0x000033fc                _init
 .init          0x00003400        0x8 c:/freescale/kds_v3/toolchain/bin/../lib/gcc/arm-none-eabi/4.8.4/armv6-m/crtn.o
 *(.fini)
 .fini          0x00003408        0x4 c:/freescale/kds_v3/toolchain/bin/../lib/gcc/arm-none-eabi/4.8.4/armv6-m/crti.o
                0x00003408                _fini
 .fini          0x0000340c        0x8 c:/freescale/kds_v3/toolchain/bin/../lib/gcc/arm-none-eabi/4.8.4/armv6-m/crtn.o
                0x00003414                . = ALIGN (0x4)
 *(KERNEL)
 KERNEL         0x00003414      0x278 ./MQXLITE/psp/cortex_m/core/M0/dispatch.o
                0x00003414                _sched_start_internal
                0x0000341a                _sched_run_internal
                0x00003420                _sched_check_scheduler_internal
                0x00003438                _sched_execute_scheduler_internal
                0x00003500                _mqx_api_call
                0x00003502                _task_block
                0x0000354a                _int_kernel_isr
                0x000035f4                _psp_exception_return
                0x0000362c                _mem_test_and_set
                0x00003642                __get_PSP
                0x00003648                __get_MSP
                0x0000364e                __set_MSP
                0x00003654                __get_PSR
                0x0000365a                __enable_interrupt
                0x0000365e                __disable_interrupt
                0x00003662                __get_LR
                0x00003666                __get_PC
                0x0000366a                __get_CONTROL
                0x00000000                __VECTOR_TABLE_START = __vector_table
                0x0000368c                . = ALIGN (0x4)
 *(.rdata)
                0x0000368c                . = ALIGN (0x4)
 *(.exception)
                0x0000368c                . = ALIGN (0x4)
                0x0000368c                __exception_table_start__ = .
                0x0000368c                __exception_table_end__ = .
                0x0000368c                __sinit__ = .
                0x0000368c                _etext = .

.vfp11_veneer   0x0000368c        0x0
 .vfp11_veneer  0x00000000        0x0 linker stubs

.v4_bx          0x0000368c        0x0
 .v4_bx         0x00000000        0x0 linker stubs

.iplt           0x0000368c        0x0
 .iplt          0x00000000        0x0 c:/freescale/kds_v3/toolchain/bin/../lib/gcc/arm-none-eabi/4.8.4/armv6-m/crtbegin.o

.ARM.extab
 *(.ARM.extab* .gnu.linkonce.armextab.*)

.ARM            0x0000368c        0x8
                0x0000368c                __exidx_start = .
 *(.ARM.exidx*)
 .ARM.exidx     0x0000368c        0x8 c:/freescale/kds_v3/toolchain/bin/../lib/gcc/arm-none-eabi/4.8.4/../../../../arm-none-eabi/lib/armv6-m/crt0.o
                0x00003694                __exidx_end = .

.rel.dyn        0x00003694        0x0
 .rel.iplt      0x00000000        0x0 c:/freescale/kds_v3/toolchain/bin/../lib/gcc/arm-none-eabi/4.8.4/armv6-m/crtbegin.o

.ctors          0x00003694        0x0
                0x00003694                __CTOR_LIST__ = .
 *crtbegin.o(.ctors)
 *(EXCLUDE_FILE(*crtend.o) .ctors)
 *(SORT(.ctors.*))
 *(.ctors)
                0x00003694                __CTOR_END__ = .

.dtors          0x00003694        0x0
                0x00003694                __DTOR_LIST__ = .
 *crtbegin.o(.dtors)
 *(EXCLUDE_FILE(*crtend.o) .dtors)
 *(SORT(.dtors.*))
 *(.dtors)
                0x00003694                __DTOR_END__ = .

.preinit_array  0x00003694        0x0
                0x00003694                PROVIDE (__preinit_array_start, .)
 *(.preinit_array*)
                0x00003694                PROVIDE (__preinit_array_end, .)

.init_array     0x00003694        0x4
                0x00003694                PROVIDE (__init_array_start, .)
 *(SORT(.init_array.*))
 *(.init_array*)
 .init_array    0x00003694        0x4 c:/freescale/kds_v3/toolchain/bin/../lib/gcc/arm-none-eabi/4.8.4/armv6-m/crtbegin.o
                0x00003698                PROVIDE (__init_array_end, .)

.fini_array     0x00003698        0x4
                0x00003698                PROVIDE (__fini_array_start, .)
 *(SORT(.fini_array.*))
 *(.fini_array*)
 .fini_array    0x00003698        0x4 c:/freescale/kds_v3/toolchain/bin/../lib/gcc/arm-none-eabi/4.8.4/armv6-m/crtbegin.o
                0x0000369c                PROVIDE (__fini_array_end, .)
                0x0000369c                ___ROM_AT = .

.mtb            0x1ffff000        0x0
                0x1ffff000                . = ALIGN (0x8)
                0x1ffff000                _mtb_start = .
 *(.mtb_buf)
                0x1ffff000                . = ALIGN (0x8)
                0x1ffff000                _mtb_end = .

.data           0x1ffff000       0x70 load address 0x0000369c
                0x1ffff000                . = ALIGN (0x4)
                0x1ffff000                _sdata = .
 *(.data)
 *(.data*)
 .data._mqx_kernel_data
                0x1ffff000        0x4 ./MQXLITE/kernel/mqxlite.o
                0x1ffff000                _mqx_kernel_data
 .data.mqx_task_stack_pointers
                0x1ffff004        0xc ./Generated_Code/MQX1.o
                0x1ffff004                mqx_task_stack_pointers
 .data.impure_data
                0x1ffff010       0x60 c:/freescale/kds_v3/toolchain/bin/../lib/gcc/arm-none-eabi/4.8.4/../../../../arm-none-eabi/lib/armv6-m\libg_s.a(lib_a-impure.o)
                0x1ffff070                . = ALIGN (0x4)
                0x1ffff070                _edata = .
                0x00000070                ___data_size = (_edata - _sdata)

.jcr            0x1ffff070        0x0 load address 0x0000370c
 .jcr           0x1ffff070        0x0 c:/freescale/kds_v3/toolchain/bin/../lib/gcc/arm-none-eabi/4.8.4/armv6-m/crtbegin.o

.igot.plt       0x1ffff070        0x0 load address 0x0000370c
 .igot.plt      0x00000000        0x0 c:/freescale/kds_v3/toolchain/bin/../lib/gcc/arm-none-eabi/4.8.4/armv6-m/crtbegin.o
                0x1ffff070                . = ALIGN (0x4)

.bss            0x1ffff070     0x1148 load address 0x0000370c
                0x1ffff070                __START_BSS = .
                0x1ffff070                PROVIDE (__bss_start__, __START_BSS)
 *(.bss)
 .bss           0x1ffff070       0x1c c:/freescale/kds_v3/toolchain/bin/../lib/gcc/arm-none-eabi/4.8.4/armv6-m/crtbegin.o
 *(.bss*)
 .bss.DataTransmittedFlg
                0x1ffff08c        0x4 ./Sources/MMA8451Q.o
                0x1ffff08c                DataTransmittedFlg
 .bss.DataReceivedFlg
                0x1ffff090        0x4 ./Sources/MMA8451Q.o
                0x1ffff090                DataReceivedFlg
 .bss.DeviceDataPrv__DEFAULT_RTOS_ALLOC
                0x1ffff094       0x20 ./Generated_Code/MMA8451Q_I2C.o
 .bss.SystemTimerDeviceDataPtr
                0x1ffff0b4        0x4 ./Generated_Code/MQX1.o
 .bss.PE_LDD_DeviceDataList
                0x1ffff0b8        0x8 ./Generated_Code/PE_LDD.o
                0x1ffff0b8                PE_LDD_DeviceDataList
 .bss.DeviceDataPrv__DEFAULT_RTOS_ALLOC
                0x1ffff0c0        0xc ./Generated_Code/SystemTimer1.o
 *(COMMON)
 COMMON         0x1ffff0cc       0x1c ./Sources/MMA8451Q.o
                0x1ffff0cc                accelerometerInfo
 COMMON         0x1ffff0e8     0x10d0 ./Generated_Code/MQX1.o
                0x1ffff0e8                _mqx_kernel_data_struct
                0x1ffff348                mqx_interrupt_stack
                0x1ffff458                MMA8451Q_Task_task_stack
                0x1ffffce4                mqx_static_ready_queue
                0x1ffffd84                mqx_static_isr_table
                0x1ffffdfc                mqx_idle_task_stack
                0x1fffff2c                Task1_task_stack
                0x200001b8                . = ALIGN (0x4)
                0x200001b8                __END_BSS = .
                0x200001b8                PROVIDE (__bss_end__, __END_BSS)
                0x0000370c                _romp_at = (___ROM_AT + SIZEOF (.data))

.romp           0x200001b8       0x18 load address 0x0000370c
                0x0000370c                __S_romp = _romp_at
                0x200001b8        0x4 LONG 0x369c ___ROM_AT
                0x200001bc        0x4 LONG 0x1ffff000 _sdata
                0x200001c0        0x4 LONG 0x70 ___data_size
                0x200001c4        0x4 LONG 0x0
                0x200001c8        0x4 LONG 0x0
                0x200001cc        0x4 LONG 0x0
                0x00020000                text_end = (ORIGIN (m_text) + 0x1fbf0)
                0x00003724                data_init_end = ((___ROM_AT + SIZEOF (.data)) + SIZEOF (.romp))
                0x00000001                ASSERT ((data_init_end <= text_end), region m_text overflowed with text and data)

._user_heap_stack
                0x200001d0      0x400 load address 0x00003724
                0x200001d0                . = ALIGN (0x4)
                0x200001d0                PROVIDE (end, .)
                0x200001d0                PROVIDE (_end, .)
                0x200001d0                PROVIDE (__end__, .)
                0x200001d0                __heap_addr = .
                0x200001d0                __HeapBase = .
                0x200001d0                . = (. + __heap_size)
                0x200001d0                __HeapLimit = .
                0x200005d0                . = (. + __stack_size)
 *fill*         0x200001d0      0x400 
                0x200005d0                . = ALIGN (0x4)

.ARM.attributes
                0x00000000       0x28
 *(.ARM.attributes)
 .ARM.attributes
                0x00000000       0x1e c:/freescale/kds_v3/toolchain/bin/../lib/gcc/arm-none-eabi/4.8.4/armv6-m/crti.o
 .ARM.attributes
                0x0000001e       0x2c c:/freescale/kds_v3/toolchain/bin/../lib/gcc/arm-none-eabi/4.8.4/armv6-m/crtbegin.o
 .ARM.attributes
                0x0000004a       0x1b c:/freescale/kds_v3/toolchain/bin/../lib/gcc/arm-none-eabi/4.8.4/../../../../arm-none-eabi/lib/armv6-m/crt0.o
 .ARM.attributes
                0x00000065       0x32 ./Static_Code/System/CPU_Init.o
 .ARM.attributes
                0x00000097       0x32 ./Static_Code/System/Vectors.o
 .ARM.attributes
                0x000000c9       0x32 ./Sources/Events.o
 .ARM.attributes
                0x000000fb       0x32 ./Sources/MMA8451Q.o
 .ARM.attributes
                0x0000012d       0x32 ./Sources/main.o
 .ARM.attributes
                0x0000015f       0x32 ./Sources/mqx_tasks.o
 .ARM.attributes
                0x00000191       0x32 ./Project_Settings/Startup_Code/startup.o
 .ARM.attributes
                0x000001c3       0x22 ./MQXLITE/psp/cortex_m/core/M0/boot.o
 .ARM.attributes
                0x000001e5       0x22 ./MQXLITE/psp/cortex_m/core/M0/dispatch.o
 .ARM.attributes
                0x00000207       0x32 ./MQXLITE/psp/cortex_m/int_inst.o
 .ARM.attributes
                0x00000239       0x32 ./MQXLITE/psp/cortex_m/int_vtab.o
 .ARM.attributes
                0x0000026b       0x32 ./MQXLITE/psp/cortex_m/mem_zero.o
 .ARM.attributes
                0x0000029d       0x32 ./MQXLITE/psp/cortex_m/psp_iinit.o
 .ARM.attributes
                0x000002cf       0x32 ./MQXLITE/psp/cortex_m/psp_tinm.o
 .ARM.attributes
                0x00000301       0x32 ./MQXLITE/psp/cortex_m/sc_irdyq.o
 .ARM.attributes
                0x00000333       0x32 ./MQXLITE/psp/cortex_m/stack_bu.o
 .ARM.attributes
                0x00000365       0x32 ./MQXLITE/psp/cortex_m/stack_de.o
 .ARM.attributes
                0x00000397       0x32 ./MQXLITE/kernel/idletask.o
 .ARM.attributes
                0x000003c9       0x32 ./MQXLITE/kernel/int.o
 .ARM.attributes
                0x000003fb       0x32 ./MQXLITE/kernel/lwsem.o
 .ARM.attributes
                0x0000042d       0x32 ./MQXLITE/kernel/mqx_utils.o
 .ARM.attributes
                0x0000045f       0x32 ./MQXLITE/kernel/mqxlite.o
 .ARM.attributes
                0x00000491       0x32 ./MQXLITE/kernel/task.o
 .ARM.attributes
                0x000004c3       0x32 ./MQXLITE/kernel/time_ticks.o
 .ARM.attributes
                0x000004f5       0x32 ./MQXLITE/config/task_template_list.o
 .ARM.attributes
                0x00000527       0x32 ./Generated_Code/Cpu.o
 .ARM.attributes
                0x00000559       0x32 ./Generated_Code/MMA8451Q_I2C.o
 .ARM.attributes
                0x0000058b       0x32 ./Generated_Code/MQX1.o
 .ARM.attributes
                0x000005bd       0x32 ./Generated_Code/PE_LDD.o
 .ARM.attributes
                0x000005ef       0x32 ./Generated_Code/SystemTimer1.o
 .ARM.attributes
                0x00000621       0x1e c:/freescale/kds_v3/toolchain/bin/../lib/gcc/arm-none-eabi/4.8.4/armv6-m\libgcc.a(_udivsi3.o)
 .ARM.attributes
                0x0000063f       0x1e c:/freescale/kds_v3/toolchain/bin/../lib/gcc/arm-none-eabi/4.8.4/armv6-m\libgcc.a(_dvmd_tls.o)
 .ARM.attributes
                0x0000065d       0x2c c:/freescale/kds_v3/toolchain/bin/../lib/gcc/arm-none-eabi/4.8.4/../../../../arm-none-eabi/lib/armv6-m\libg_s.a(lib_a-exit.o)
 .ARM.attributes
                0x00000689       0x2c c:/freescale/kds_v3/toolchain/bin/../lib/gcc/arm-none-eabi/4.8.4/../../../../arm-none-eabi/lib/armv6-m\libg_s.a(lib_a-impure.o)
 .ARM.attributes
                0x000006b5       0x2c c:/freescale/kds_v3/toolchain/bin/../lib/gcc/arm-none-eabi/4.8.4/../../../../arm-none-eabi/lib/armv6-m\libg_s.a(lib_a-init.o)
 .ARM.attributes
                0x000006e1       0x2c c:/freescale/kds_v3/toolchain/bin/../lib/gcc/arm-none-eabi/4.8.4/../../../../arm-none-eabi/lib/armv6-m\libg_s.a(lib_a-memcpy-stub.o)
 .ARM.attributes
                0x0000070d       0x2c c:/freescale/kds_v3/toolchain/bin/../lib/gcc/arm-none-eabi/4.8.4/../../../../arm-none-eabi/lib/armv6-m\libg_s.a(lib_a-memset.o)
 .ARM.attributes
                0x00000739       0x2c c:/freescale/kds_v3/toolchain/bin/../lib/gcc/arm-none-eabi/4.8.4/../../../../arm-none-eabi/lib/armv6-m\libg_s.a(lib_a-findfp.o)
 .ARM.attributes
                0x00000765       0x2c c:/freescale/kds_v3/toolchain/bin/../lib/gcc/arm-none-eabi/4.8.4/../../../../arm-none-eabi/lib/armv6-m\libnosys.a(_exit.o)
 .ARM.attributes
                0x00000791       0x1e c:/freescale/kds_v3/toolchain/bin/../lib/gcc/arm-none-eabi/4.8.4/armv6-m/crtn.o
OUTPUT(Teste.elf elf32-littlearm)

.debug_info     0x00000000     0xda73
 .debug_info    0x00000000      0x9e8 ./Static_Code/System/CPU_Init.o
 .debug_info    0x000009e8      0x589 ./Static_Code/System/Vectors.o
 .debug_info    0x00000f71      0x113 ./Sources/Events.o
 .debug_info    0x00001084      0x4b1 ./Sources/MMA8451Q.o
 .debug_info    0x00001535       0xa1 ./Sources/main.o
 .debug_info    0x000015d6       0xe6 ./Sources/mqx_tasks.o
 .debug_info    0x000016bc      0x20a ./Project_Settings/Startup_Code/startup.o
 .debug_info    0x000018c6       0x80 ./MQXLITE/psp/cortex_m/core/M0/boot.o
 .debug_info    0x00001946       0x84 ./MQXLITE/psp/cortex_m/core/M0/dispatch.o
 .debug_info    0x000019ca      0x9c6 ./MQXLITE/psp/cortex_m/int_inst.o
 .debug_info    0x00002390      0x33d ./MQXLITE/psp/cortex_m/int_vtab.o
 .debug_info    0x000026cd      0x144 ./MQXLITE/psp/cortex_m/mem_zero.o
 .debug_info    0x00002811       0xe2 ./MQXLITE/psp/cortex_m/psp_iinit.o
 .debug_info    0x000028f3      0xa57 ./MQXLITE/psp/cortex_m/psp_tinm.o
 .debug_info    0x0000334a      0xb9d ./MQXLITE/psp/cortex_m/sc_irdyq.o
 .debug_info    0x00003ee7      0x614 ./MQXLITE/psp/cortex_m/stack_bu.o
 .debug_info    0x000044fb      0x409 ./MQXLITE/psp/cortex_m/stack_de.o
 .debug_info    0x00004904      0x9d9 ./MQXLITE/kernel/idletask.o
 .debug_info    0x000052dd      0xdbc ./MQXLITE/kernel/int.o
 .debug_info    0x00006099     0x1046 ./MQXLITE/kernel/lwsem.o
 .debug_info    0x000070df      0xb78 ./MQXLITE/kernel/mqx_utils.o
 .debug_info    0x00007c57      0xdbe ./MQXLITE/kernel/mqxlite.o
 .debug_info    0x00008a15     0x1e38 ./MQXLITE/kernel/task.o
 .debug_info    0x0000a84d     0x1007 ./MQXLITE/kernel/time_ticks.o
 .debug_info    0x0000b854      0x2a1 ./MQXLITE/config/task_template_list.o
 .debug_info    0x0000baf5       0xae ./Generated_Code/Cpu.o
 .debug_info    0x0000bba3      0x756 ./Generated_Code/MMA8451Q_I2C.o
 .debug_info    0x0000c2f9      0xdc8 ./Generated_Code/MQX1.o
 .debug_info    0x0000d0c1      0x397 ./Generated_Code/PE_LDD.o
 .debug_info    0x0000d458      0x61b ./Generated_Code/SystemTimer1.o

.debug_abbrev   0x00000000     0x2407
 .debug_abbrev  0x00000000      0x1fb ./Static_Code/System/CPU_Init.o
 .debug_abbrev  0x000001fb       0xee ./Static_Code/System/Vectors.o
 .debug_abbrev  0x000002e9       0xa0 ./Sources/Events.o
 .debug_abbrev  0x00000389      0x12f ./Sources/MMA8451Q.o
 .debug_abbrev  0x000004b8       0x47 ./Sources/main.o
 .debug_abbrev  0x000004ff       0x7b ./Sources/mqx_tasks.o
 .debug_abbrev  0x0000057a      0x11e ./Project_Settings/Startup_Code/startup.o
 .debug_abbrev  0x00000698       0x14 ./MQXLITE/psp/cortex_m/core/M0/boot.o
 .debug_abbrev  0x000006ac       0x14 ./MQXLITE/psp/cortex_m/core/M0/dispatch.o
 .debug_abbrev  0x000006c0      0x12e ./MQXLITE/psp/cortex_m/int_inst.o
 .debug_abbrev  0x000007ee      0x120 ./MQXLITE/psp/cortex_m/int_vtab.o
 .debug_abbrev  0x0000090e       0x80 ./MQXLITE/psp/cortex_m/mem_zero.o
 .debug_abbrev  0x0000098e       0x72 ./MQXLITE/psp/cortex_m/psp_iinit.o
 .debug_abbrev  0x00000a00      0x155 ./MQXLITE/psp/cortex_m/psp_tinm.o
 .debug_abbrev  0x00000b55      0x192 ./MQXLITE/psp/cortex_m/sc_irdyq.o
 .debug_abbrev  0x00000ce7      0x117 ./MQXLITE/psp/cortex_m/stack_bu.o
 .debug_abbrev  0x00000dfe       0xdc ./MQXLITE/psp/cortex_m/stack_de.o
 .debug_abbrev  0x00000eda      0x144 ./MQXLITE/kernel/idletask.o
 .debug_abbrev  0x0000101e      0x1ff ./MQXLITE/kernel/int.o
 .debug_abbrev  0x0000121d      0x1c7 ./MQXLITE/kernel/lwsem.o
 .debug_abbrev  0x000013e4      0x1e1 ./MQXLITE/kernel/mqx_utils.o
 .debug_abbrev  0x000015c5      0x1e3 ./MQXLITE/kernel/mqxlite.o
 .debug_abbrev  0x000017a8      0x276 ./MQXLITE/kernel/task.o
 .debug_abbrev  0x00001a1e      0x200 ./MQXLITE/kernel/time_ticks.o
 .debug_abbrev  0x00001c1e       0xba ./MQXLITE/config/task_template_list.o
 .debug_abbrev  0x00001cd8       0x5d ./Generated_Code/Cpu.o
 .debug_abbrev  0x00001d35      0x1cd ./Generated_Code/MMA8451Q_I2C.o
 .debug_abbrev  0x00001f02      0x1bd ./Generated_Code/MQX1.o
 .debug_abbrev  0x000020bf      0x123 ./Generated_Code/PE_LDD.o
 .debug_abbrev  0x000021e2      0x225 ./Generated_Code/SystemTimer1.o

.debug_aranges  0x00000000      0x958
 .debug_aranges
                0x00000000       0x38 ./Static_Code/System/CPU_Init.o
 .debug_aranges
                0x00000038      0x190 ./Static_Code/System/Vectors.o
 .debug_aranges
                0x000001c8       0x30 ./Sources/Events.o
 .debug_aranges
                0x000001f8       0x48 ./Sources/MMA8451Q.o
 .debug_aranges
                0x00000240       0x20 ./Sources/main.o
 .debug_aranges
                0x00000260       0x28 ./Sources/mqx_tasks.o
 .debug_aranges
                0x00000288       0x50 ./Project_Settings/Startup_Code/startup.o
 .debug_aranges
                0x000002d8       0x20 ./MQXLITE/psp/cortex_m/core/M0/boot.o
 .debug_aranges
                0x000002f8       0x20 ./MQXLITE/psp/cortex_m/core/M0/dispatch.o
 .debug_aranges
                0x00000318       0x20 ./MQXLITE/psp/cortex_m/int_inst.o
 .debug_aranges
                0x00000338       0x28 ./MQXLITE/psp/cortex_m/int_vtab.o
 .debug_aranges
                0x00000360       0x20 ./MQXLITE/psp/cortex_m/mem_zero.o
 .debug_aranges
                0x00000380       0x20 ./MQXLITE/psp/cortex_m/psp_iinit.o
 .debug_aranges
                0x000003a0       0x20 ./MQXLITE/psp/cortex_m/psp_tinm.o
 .debug_aranges
                0x000003c0       0x28 ./MQXLITE/psp/cortex_m/sc_irdyq.o
 .debug_aranges
                0x000003e8       0x20 ./MQXLITE/psp/cortex_m/stack_bu.o
 .debug_aranges
                0x00000408       0x20 ./MQXLITE/psp/cortex_m/stack_de.o
 .debug_aranges
                0x00000428       0x20 ./MQXLITE/kernel/idletask.o
 .debug_aranges
                0x00000448       0x90 ./MQXLITE/kernel/int.o
 .debug_aranges
                0x000004d8       0x80 ./MQXLITE/kernel/lwsem.o
 .debug_aranges
                0x00000558       0x60 ./MQXLITE/kernel/mqx_utils.o
 .debug_aranges
                0x000005b8       0x30 ./MQXLITE/kernel/mqxlite.o
 .debug_aranges
                0x000005e8      0x160 ./MQXLITE/kernel/task.o
 .debug_aranges
                0x00000748       0xb8 ./MQXLITE/kernel/time_ticks.o
 .debug_aranges
                0x00000800       0x18 ./MQXLITE/config/task_template_list.o
 .debug_aranges
                0x00000818       0x28 ./Generated_Code/Cpu.o
 .debug_aranges
                0x00000840       0x48 ./Generated_Code/MMA8451Q_I2C.o
 .debug_aranges
                0x00000888       0x40 ./Generated_Code/MQX1.o
 .debug_aranges
                0x000008c8       0x30 ./Generated_Code/PE_LDD.o
 .debug_aranges
                0x000008f8       0x60 ./Generated_Code/SystemTimer1.o

.debug_ranges   0x00000000      0x750
 .debug_ranges  0x00000000       0x28 ./Static_Code/System/CPU_Init.o
 .debug_ranges  0x00000028      0x180 ./Static_Code/System/Vectors.o
 .debug_ranges  0x000001a8       0x20 ./Sources/Events.o
 .debug_ranges  0x000001c8       0x38 ./Sources/MMA8451Q.o
 .debug_ranges  0x00000200       0x10 ./Sources/main.o
 .debug_ranges  0x00000210       0x18 ./Sources/mqx_tasks.o
 .debug_ranges  0x00000228       0x40 ./Project_Settings/Startup_Code/startup.o
 .debug_ranges  0x00000268       0x10 ./MQXLITE/psp/cortex_m/int_inst.o
 .debug_ranges  0x00000278       0x18 ./MQXLITE/psp/cortex_m/int_vtab.o
 .debug_ranges  0x00000290       0x10 ./MQXLITE/psp/cortex_m/mem_zero.o
 .debug_ranges  0x000002a0       0x10 ./MQXLITE/psp/cortex_m/psp_iinit.o
 .debug_ranges  0x000002b0       0x10 ./MQXLITE/psp/cortex_m/psp_tinm.o
 .debug_ranges  0x000002c0       0x18 ./MQXLITE/psp/cortex_m/sc_irdyq.o
 .debug_ranges  0x000002d8       0x10 ./MQXLITE/psp/cortex_m/stack_bu.o
 .debug_ranges  0x000002e8       0x10 ./MQXLITE/psp/cortex_m/stack_de.o
 .debug_ranges  0x000002f8       0x10 ./MQXLITE/kernel/idletask.o
 .debug_ranges  0x00000308       0x80 ./MQXLITE/kernel/int.o
 .debug_ranges  0x00000388       0x70 ./MQXLITE/kernel/lwsem.o
 .debug_ranges  0x000003f8       0x50 ./MQXLITE/kernel/mqx_utils.o
 .debug_ranges  0x00000448       0x20 ./MQXLITE/kernel/mqxlite.o
 .debug_ranges  0x00000468      0x150 ./MQXLITE/kernel/task.o
 .debug_ranges  0x000005b8       0xa8 ./MQXLITE/kernel/time_ticks.o
 .debug_ranges  0x00000660       0x18 ./Generated_Code/Cpu.o
 .debug_ranges  0x00000678       0x38 ./Generated_Code/MMA8451Q_I2C.o
 .debug_ranges  0x000006b0       0x30 ./Generated_Code/MQX1.o
 .debug_ranges  0x000006e0       0x20 ./Generated_Code/PE_LDD.o
 .debug_ranges  0x00000700       0x50 ./Generated_Code/SystemTimer1.o

.debug_macro    0x00000000    0x1d261
 .debug_macro   0x00000000      0x23d ./Static_Code/System/CPU_Init.o
 .debug_macro   0x0000023d      0x802 ./Static_Code/System/CPU_Init.o
 .debug_macro   0x00000a3f       0x16 ./Static_Code/System/CPU_Init.o
 .debug_macro   0x00000a55       0x44 ./Static_Code/System/CPU_Init.o
 .debug_macro   0x00000a99      0x209 ./Static_Code/System/CPU_Init.o
 .debug_macro   0x00000ca2     0x1592 ./Static_Code/System/CPU_Init.o
 .debug_macro   0x00002234     0x539e ./Static_Code/System/CPU_Init.o
 .debug_macro   0x000075d2      0x2d6 ./Static_Code/System/CPU_Init.o
 .debug_macro   0x000078a8      0x14e ./Static_Code/System/CPU_Init.o
 .debug_macro   0x000079f6       0x5e ./Static_Code/System/CPU_Init.o
 .debug_macro   0x00007a54       0x94 ./Static_Code/System/CPU_Init.o
 .debug_macro   0x00007ae8       0x80 ./Static_Code/System/CPU_Init.o
 .debug_macro   0x00007b68       0x58 ./Static_Code/System/CPU_Init.o
 .debug_macro   0x00007bc0       0x35 ./Static_Code/System/CPU_Init.o
 .debug_macro   0x00007bf5       0xa3 ./Static_Code/System/CPU_Init.o
 .debug_macro   0x00007c98       0x16 ./Static_Code/System/CPU_Init.o
 .debug_macro   0x00007cae       0x81 ./Static_Code/System/CPU_Init.o
 .debug_macro   0x00007d2f       0x22 ./Static_Code/System/CPU_Init.o
 .debug_macro   0x00007d51       0x16 ./Static_Code/System/CPU_Init.o
 .debug_macro   0x00007d67       0x70 ./Static_Code/System/CPU_Init.o
 .debug_macro   0x00007dd7      0x215 ./Static_Code/System/CPU_Init.o
 .debug_macro   0x00007fec       0xa2 ./Static_Code/System/CPU_Init.o
 .debug_macro   0x0000808e       0x16 ./Static_Code/System/CPU_Init.o
 .debug_macro   0x000080a4       0x1c ./Static_Code/System/CPU_Init.o
 .debug_macro   0x000080c0      0x70f ./Static_Code/System/CPU_Init.o
 .debug_macro   0x000087cf       0x3a ./Static_Code/System/CPU_Init.o
 .debug_macro   0x00008809       0x16 ./Static_Code/System/CPU_Init.o
 .debug_macro   0x0000881f       0x52 ./Static_Code/System/CPU_Init.o
 .debug_macro   0x00008871       0xa6 ./Static_Code/System/CPU_Init.o
 .debug_macro   0x00008917      0x16d ./Static_Code/System/CPU_Init.o
 .debug_macro   0x00008a84       0x7c ./Static_Code/System/CPU_Init.o
 .debug_macro   0x00008b00       0xfc ./Static_Code/System/CPU_Init.o
 .debug_macro   0x00008bfc       0x89 ./Static_Code/System/CPU_Init.o
 .debug_macro   0x00008c85      0x3c9 ./Static_Code/System/CPU_Init.o
 .debug_macro   0x0000904e       0x67 ./Static_Code/System/CPU_Init.o
 .debug_macro   0x000090b5       0x3c ./Static_Code/System/CPU_Init.o
 .debug_macro   0x000090f1      0x252 ./Static_Code/System/Vectors.o
 .debug_macro   0x00009343       0x76 ./Static_Code/System/Vectors.o
 .debug_macro   0x000093b9      0x12a ./Static_Code/System/Vectors.o
 .debug_macro   0x000094e3      0x311 ./Sources/Events.o
 .debug_macro   0x000097f4      0x5cf ./Sources/Events.o
 .debug_macro   0x00009dc3      0x2d3 ./Sources/Events.o
 .debug_macro   0x0000a096      0x109 ./Sources/Events.o
 .debug_macro   0x0000a19f      0x6a6 ./Sources/Events.o
 .debug_macro   0x0000a845      0x223 ./Sources/Events.o
 .debug_macro   0x0000aa68      0x132 ./Sources/Events.o
 .debug_macro   0x0000ab9a      0x299 ./Sources/Events.o
 .debug_macro   0x0000ae33       0x65 ./Sources/Events.o
 .debug_macro   0x0000ae98      0x20f ./Sources/Events.o
 .debug_macro   0x0000b0a7      0x13f ./Sources/Events.o
 .debug_macro   0x0000b1e6      0x63a ./Sources/Events.o
 .debug_macro   0x0000b820     0x266f ./Sources/Events.o
 .debug_macro   0x0000de8f       0xbb ./Sources/Events.o
 .debug_macro   0x0000df4a       0xe9 ./Sources/Events.o
 .debug_macro   0x0000e033      0x4ea ./Sources/Events.o
 .debug_macro   0x0000e51d      0x13a ./Sources/Events.o
 .debug_macro   0x0000e657       0xb8 ./Sources/Events.o
 .debug_macro   0x0000e70f      0x179 ./Sources/Events.o
 .debug_macro   0x0000e888      0x987 ./Sources/Events.o
 .debug_macro   0x0000f20f      0x648 ./Sources/Events.o
 .debug_macro   0x0000f857      0x7b8 ./Sources/Events.o
 .debug_macro   0x0001000f      0x162 ./Sources/Events.o
 .debug_macro   0x00010171       0x8e ./Sources/Events.o
 .debug_macro   0x000101ff      0x2c1 ./Sources/MMA8451Q.o
 .debug_macro   0x000104c0       0x88 ./Sources/MMA8451Q.o
 .debug_macro   0x00010548       0x1c ./Sources/MMA8451Q.o
 .debug_macro   0x00010564       0x97 ./Sources/MMA8451Q.o
 .debug_macro   0x000105fb       0x10 ./Sources/MMA8451Q.o
 .debug_macro   0x0001060b       0xef ./Sources/MMA8451Q.o
 .debug_macro   0x000106fa       0x52 ./Sources/MMA8451Q.o
 .debug_macro   0x0001074c       0x16 ./Sources/MMA8451Q.o
 .debug_macro   0x00010762       0x43 ./Sources/MMA8451Q.o
 .debug_macro   0x000107a5      0x180 ./Sources/MMA8451Q.o
 .debug_macro   0x00010925       0x10 ./Sources/MMA8451Q.o
 .debug_macro   0x00010935       0x22 ./Sources/MMA8451Q.o
 .debug_macro   0x00010957       0xbd ./Sources/MMA8451Q.o
 .debug_macro   0x00010a14       0x16 ./Sources/MMA8451Q.o
 .debug_macro   0x00010a2a      0x14a ./Sources/MMA8451Q.o
 .debug_macro   0x00010b74      0x2a6 ./Sources/MMA8451Q.o
 .debug_macro   0x00010e1a       0x10 ./Sources/MMA8451Q.o
 .debug_macro   0x00010e2a       0x35 ./Sources/MMA8451Q.o
 .debug_macro   0x00010e5f      0x308 ./Sources/main.o
 .debug_macro   0x00011167      0x311 ./Sources/mqx_tasks.o
 .debug_macro   0x00011478      0x121 ./Project_Settings/Startup_Code/startup.o
 .debug_macro   0x00011599      0x166 ./Project_Settings/Startup_Code/startup.o
 .debug_macro   0x000116ff       0x4a ./Project_Settings/Startup_Code/startup.o
 .debug_macro   0x00011749       0x16 ./Project_Settings/Startup_Code/startup.o
 .debug_macro   0x0001175f       0x22 ./Project_Settings/Startup_Code/startup.o
 .debug_macro   0x00011781       0x10 ./Project_Settings/Startup_Code/startup.o
 .debug_macro   0x00011791      0x20f ./Project_Settings/Startup_Code/startup.o
 .debug_macro   0x000119a0     0x5392 ./Project_Settings/Startup_Code/startup.o
 .debug_macro   0x00016d32      0x26f ./MQXLITE/psp/cortex_m/int_inst.o
 .debug_macro   0x00016fa1      0x26f ./MQXLITE/psp/cortex_m/int_vtab.o
 .debug_macro   0x00017210      0x26f ./MQXLITE/psp/cortex_m/mem_zero.o
 .debug_macro   0x0001747f      0x26f ./MQXLITE/psp/cortex_m/psp_iinit.o
 .debug_macro   0x000176ee      0x26f ./MQXLITE/psp/cortex_m/psp_tinm.o
 .debug_macro   0x0001795d      0x26f ./MQXLITE/psp/cortex_m/sc_irdyq.o
 .debug_macro   0x00017bcc      0x26f ./MQXLITE/psp/cortex_m/stack_bu.o
 .debug_macro   0x00017e3b      0x26f ./MQXLITE/psp/cortex_m/stack_de.o
 .debug_macro   0x000180aa      0x26f ./MQXLITE/kernel/idletask.o
 .debug_macro   0x00018319      0x26f ./MQXLITE/kernel/int.o
 .debug_macro   0x00018588      0x26f ./MQXLITE/kernel/lwsem.o
 .debug_macro   0x000187f7      0x27d ./MQXLITE/kernel/mqx_utils.o
 .debug_macro   0x00018a74      0x27d ./MQXLITE/kernel/mqxlite.o
 .debug_macro   0x00018cf1      0x2da ./MQXLITE/kernel/task.o
 .debug_macro   0x00018fcb     0x158c ./MQXLITE/kernel/task.o
 .debug_macro   0x0001a557      0x27b ./MQXLITE/kernel/time_ticks.o
 .debug_macro   0x0001a7d2      0x231 ./MQXLITE/config/task_template_list.o
 .debug_macro   0x0001aa03      0x24f ./Generated_Code/Cpu.o
 .debug_macro   0x0001ac52       0x9c ./Generated_Code/Cpu.o
 .debug_macro   0x0001acee      0x6fd ./Generated_Code/Cpu.o
 .debug_macro   0x0001b3eb     0x1586 ./Generated_Code/Cpu.o
 .debug_macro   0x0001c971      0x254 ./Generated_Code/MMA8451Q_I2C.o
 .debug_macro   0x0001cbc5      0x25c ./Generated_Code/MQX1.o
 .debug_macro   0x0001ce21       0x35 ./Generated_Code/MQX1.o
 .debug_macro   0x0001ce56      0x21c ./Generated_Code/PE_LDD.o
 .debug_macro   0x0001d072      0x1ef ./Generated_Code/SystemTimer1.o

.debug_line     0x00000000     0xbd1c
 .debug_line    0x00000000      0x65d ./Static_Code/System/CPU_Init.o
 .debug_line    0x0000065d      0x8dc ./Static_Code/System/Vectors.o
 .debug_line    0x00000f39      0x6ea ./Sources/Events.o
 .debug_line    0x00001623      0x700 ./Sources/MMA8451Q.o
 .debug_line    0x00001d23      0x68b ./Sources/main.o
 .debug_line    0x000023ae      0x6f1 ./Sources/mqx_tasks.o
 .debug_line    0x00002a9f      0x3c6 ./Project_Settings/Startup_Code/startup.o
 .debug_line    0x00002e65       0x68 ./MQXLITE/psp/cortex_m/core/M0/boot.o
 .debug_line    0x00002ecd      0x18b ./MQXLITE/psp/cortex_m/core/M0/dispatch.o
 .debug_line    0x00003058      0x5ec ./MQXLITE/psp/cortex_m/int_inst.o
 .debug_line    0x00003644      0x5ff ./MQXLITE/psp/cortex_m/int_vtab.o
 .debug_line    0x00003c43      0x671 ./MQXLITE/psp/cortex_m/mem_zero.o
 .debug_line    0x000042b4      0x5ed ./MQXLITE/psp/cortex_m/psp_iinit.o
 .debug_line    0x000048a1      0x5ee ./MQXLITE/psp/cortex_m/psp_tinm.o
 .debug_line    0x00004e8f      0x646 ./MQXLITE/psp/cortex_m/sc_irdyq.o
 .debug_line    0x000054d5      0x5f7 ./MQXLITE/psp/cortex_m/stack_bu.o
 .debug_line    0x00005acc      0x5e8 ./MQXLITE/psp/cortex_m/stack_de.o
 .debug_line    0x000060b4      0x5e9 ./MQXLITE/kernel/idletask.o
 .debug_line    0x0000669d      0x7aa ./MQXLITE/kernel/int.o
 .debug_line    0x00006e47      0x86d ./MQXLITE/kernel/lwsem.o
 .debug_line    0x000076b4      0x6c7 ./MQXLITE/kernel/mqx_utils.o
 .debug_line    0x00007d7b      0x672 ./MQXLITE/kernel/mqxlite.o
 .debug_line    0x000083ed      0xc62 ./MQXLITE/kernel/task.o
 .debug_line    0x0000904f      0x923 ./MQXLITE/kernel/time_ticks.o
 .debug_line    0x00009972      0x58d ./MQXLITE/config/task_template_list.o
 .debug_line    0x00009eff      0x5e5 ./Generated_Code/Cpu.o
 .debug_line    0x0000a4e4      0x6bb ./Generated_Code/MMA8451Q_I2C.o
 .debug_line    0x0000ab9f      0x626 ./Generated_Code/MQX1.o
 .debug_line    0x0000b1c5      0x591 ./Generated_Code/PE_LDD.o
 .debug_line    0x0000b756      0x5c6 ./Generated_Code/SystemTimer1.o

.debug_str      0x00000000    0x95776
 .debug_str     0x00000000    0x3003e ./Static_Code/System/CPU_Init.o
                              0x30686 (size before relaxing)
 .debug_str     0x0003003e      0xb9b ./Static_Code/System/Vectors.o
                              0x30c8a (size before relaxing)
 .debug_str     0x00030bd9    0x5f0b4 ./Sources/Events.o
                              0x8eeff (size before relaxing)
 .debug_str     0x0008fc8d     0x2c4c ./Sources/MMA8451Q.o
                              0x3307f (size before relaxing)
 .debug_str     0x000928d9       0x12 ./Sources/main.o
                              0x8eb86 (size before relaxing)
 .debug_str     0x000928eb       0x41 ./Sources/mqx_tasks.o
                              0x8eeaf (size before relaxing)
 .debug_str     0x0009292c      0x181 ./Project_Settings/Startup_Code/startup.o
                              0x20e46 (size before relaxing)
 .debug_str     0x00092aad     0x10d7 ./MQXLITE/psp/cortex_m/int_inst.o
                              0x3119a (size before relaxing)
 .debug_str     0x00093b84      0x164 ./MQXLITE/psp/cortex_m/int_vtab.o
                              0x309d1 (size before relaxing)
 .debug_str     0x00093ce8       0x8f ./MQXLITE/psp/cortex_m/mem_zero.o
                              0x308de (size before relaxing)
 .debug_str     0x00093d77       0x6b ./MQXLITE/psp/cortex_m/psp_iinit.o
                              0x308b8 (size before relaxing)
 .debug_str     0x00093de2       0x64 ./MQXLITE/psp/cortex_m/psp_tinm.o
                              0x311e2 (size before relaxing)
 .debug_str     0x00093e46      0x10f ./MQXLITE/psp/cortex_m/sc_irdyq.o
                              0x312cd (size before relaxing)
 .debug_str     0x00093f55      0x15b ./MQXLITE/psp/cortex_m/stack_bu.o
                              0x30cc2 (size before relaxing)
 .debug_str     0x000940b0       0x3c ./MQXLITE/psp/cortex_m/stack_de.o
                              0x30b6f (size before relaxing)
 .debug_str     0x000940ec       0x2c ./MQXLITE/kernel/idletask.o
                              0x3119c (size before relaxing)
 .debug_str     0x00094118      0x1d5 ./MQXLITE/kernel/int.o
                              0x313d6 (size before relaxing)
 .debug_str     0x000942ed      0x17f ./MQXLITE/kernel/lwsem.o
                              0x3137e (size before relaxing)
 .debug_str     0x0009446c      0x11f ./MQXLITE/kernel/mqx_utils.o
                              0x31315 (size before relaxing)
 .debug_str     0x0009458b      0x16e ./MQXLITE/kernel/mqxlite.o
                              0x315e0 (size before relaxing)
 .debug_str     0x000946f9      0x5a8 ./MQXLITE/kernel/task.o
                              0x33bf8 (size before relaxing)
 .debug_str     0x00094ca1      0x274 ./MQXLITE/kernel/time_ticks.o
                              0x314c2 (size before relaxing)
 .debug_str     0x00094f15       0x66 ./MQXLITE/config/task_template_list.o
                              0x301c7 (size before relaxing)
 .debug_str     0x00094f7b       0x28 ./Generated_Code/Cpu.o
                              0x2fe56 (size before relaxing)
 .debug_str     0x00094fa3      0x285 ./Generated_Code/MMA8451Q_I2C.o
                              0x36aa8 (size before relaxing)
 .debug_str     0x00095228      0x225 ./Generated_Code/MQX1.o
                              0x30cee (size before relaxing)
 .debug_str     0x0009544d      0x153 ./Generated_Code/PE_LDD.o
                              0x30243 (size before relaxing)
 .debug_str     0x000955a0      0x1d6 ./Generated_Code/SystemTimer1.o
                              0x3029c (size before relaxing)

.comment        0x00000000       0x70
 .comment       0x00000000       0x70 ./Static_Code/System/CPU_Init.o
                                 0x71 (size before relaxing)
 .comment       0x00000000       0x71 ./Static_Code/System/Vectors.o
 .comment       0x00000000       0x71 ./Sources/Events.o
 .comment       0x00000000       0x71 ./Sources/MMA8451Q.o
 .comment       0x00000000       0x71 ./Sources/main.o
 .comment       0x00000000       0x71 ./Sources/mqx_tasks.o
 .comment       0x00000000       0x71 ./Project_Settings/Startup_Code/startup.o
 .comment       0x00000000       0x71 ./MQXLITE/psp/cortex_m/int_inst.o
 .comment       0x00000000       0x71 ./MQXLITE/psp/cortex_m/int_vtab.o
 .comment       0x00000000       0x71 ./MQXLITE/psp/cortex_m/mem_zero.o
 .comment       0x00000000       0x71 ./MQXLITE/psp/cortex_m/psp_iinit.o
 .comment       0x00000000       0x71 ./MQXLITE/psp/cortex_m/psp_tinm.o
 .comment       0x00000000       0x71 ./MQXLITE/psp/cortex_m/sc_irdyq.o
 .comment       0x00000000       0x71 ./MQXLITE/psp/cortex_m/stack_bu.o
 .comment       0x00000000       0x71 ./MQXLITE/psp/cortex_m/stack_de.o
 .comment       0x00000000       0x71 ./MQXLITE/kernel/idletask.o
 .comment       0x00000000       0x71 ./MQXLITE/kernel/int.o
 .comment       0x00000000       0x71 ./MQXLITE/kernel/lwsem.o
 .comment       0x00000000       0x71 ./MQXLITE/kernel/mqx_utils.o
 .comment       0x00000000       0x71 ./MQXLITE/kernel/mqxlite.o
 .comment       0x00000000       0x71 ./MQXLITE/kernel/task.o
 .comment       0x00000000       0x71 ./MQXLITE/kernel/time_ticks.o
 .comment       0x00000000       0x71 ./MQXLITE/config/task_template_list.o
 .comment       0x00000000       0x71 ./Generated_Code/Cpu.o
 .comment       0x00000000       0x71 ./Generated_Code/MMA8451Q_I2C.o
 .comment       0x00000000       0x71 ./Generated_Code/MQX1.o
 .comment       0x00000000       0x71 ./Generated_Code/PE_LDD.o
 .comment       0x00000000       0x71 ./Generated_Code/SystemTimer1.o

.debug_frame    0x00000000     0x1cd4
 .debug_frame   0x00000000       0x84 ./Static_Code/System/CPU_Init.o
 .debug_frame   0x00000084      0x534 ./Static_Code/System/Vectors.o
 .debug_frame   0x000005b8       0x6c ./Sources/Events.o
 .debug_frame   0x00000624       0xd0 ./Sources/MMA8451Q.o
 .debug_frame   0x000006f4       0x2c ./Sources/main.o
 .debug_frame   0x00000720       0x50 ./Sources/mqx_tasks.o
 .debug_frame   0x00000770       0xd0 ./Project_Settings/Startup_Code/startup.o
 .debug_frame   0x00000840       0x30 ./MQXLITE/psp/cortex_m/int_inst.o
 .debug_frame   0x00000870       0x4c ./MQXLITE/psp/cortex_m/int_vtab.o
 .debug_frame   0x000008bc       0x34 ./MQXLITE/psp/cortex_m/mem_zero.o
 .debug_frame   0x000008f0       0x30 ./MQXLITE/psp/cortex_m/psp_iinit.o
 .debug_frame   0x00000920       0x38 ./MQXLITE/psp/cortex_m/psp_tinm.o
 .debug_frame   0x00000958       0x50 ./MQXLITE/psp/cortex_m/sc_irdyq.o
 .debug_frame   0x000009a8       0x30 ./MQXLITE/psp/cortex_m/stack_bu.o
 .debug_frame   0x000009d8       0x30 ./MQXLITE/psp/cortex_m/stack_de.o
 .debug_frame   0x00000a08       0x30 ./MQXLITE/kernel/idletask.o
 .debug_frame   0x00000a38      0x1f0 ./MQXLITE/kernel/int.o
 .debug_frame   0x00000c28      0x1b4 ./MQXLITE/kernel/lwsem.o
 .debug_frame   0x00000ddc      0x12c ./MQXLITE/kernel/mqx_utils.o
 .debug_frame   0x00000f08       0x70 ./MQXLITE/kernel/mqxlite.o
 .debug_frame   0x00000f78      0x528 ./MQXLITE/kernel/task.o
 .debug_frame   0x000014a0      0x2ac ./MQXLITE/kernel/time_ticks.o
 .debug_frame   0x0000174c       0x48 ./Generated_Code/Cpu.o
 .debug_frame   0x00001794       0xd0 ./Generated_Code/MMA8451Q_I2C.o
 .debug_frame   0x00001864       0xb0 ./Generated_Code/MQX1.o
 .debug_frame   0x00001914       0x6c ./Generated_Code/PE_LDD.o
 .debug_frame   0x00001980      0x130 ./Generated_Code/SystemTimer1.o
 .debug_frame   0x00001ab0       0x20 c:/freescale/kds_v3/toolchain/bin/../lib/gcc/arm-none-eabi/4.8.4/armv6-m\libgcc.a(_udivsi3.o)
 .debug_frame   0x00001ad0       0x28 c:/freescale/kds_v3/toolchain/bin/../lib/gcc/arm-none-eabi/4.8.4/../../../../arm-none-eabi/lib/armv6-m\libg_s.a(lib_a-exit.o)
 .debug_frame   0x00001af8       0x2c c:/freescale/kds_v3/toolchain/bin/../lib/gcc/arm-none-eabi/4.8.4/../../../../arm-none-eabi/lib/armv6-m\libg_s.a(lib_a-init.o)
 .debug_frame   0x00001b24       0x28 c:/freescale/kds_v3/toolchain/bin/../lib/gcc/arm-none-eabi/4.8.4/../../../../arm-none-eabi/lib/armv6-m\libg_s.a(lib_a-memcpy-stub.o)
 .debug_frame   0x00001b4c       0x20 c:/freescale/kds_v3/toolchain/bin/../lib/gcc/arm-none-eabi/4.8.4/../../../../arm-none-eabi/lib/armv6-m\libg_s.a(lib_a-memset.o)
 .debug_frame   0x00001b6c      0x148 c:/freescale/kds_v3/toolchain/bin/../lib/gcc/arm-none-eabi/4.8.4/../../../../arm-none-eabi/lib/armv6-m\libg_s.a(lib_a-findfp.o)
 .debug_frame   0x00001cb4       0x20 c:/freescale/kds_v3/toolchain/bin/../lib/gcc/arm-none-eabi/4.8.4/../../../../arm-none-eabi/lib/armv6-m\libnosys.a(_exit.o)

.stabstr        0x00000000      0x14d
 .stabstr       0x00000000      0x14d c:/freescale/kds_v3/toolchain/bin/../lib/gcc/arm-none-eabi/4.8.4/../../../../arm-none-eabi/lib/armv6-m\libnosys.a(close.o)
